<html>
<body>
<pre>
<h1>µVision Build Log</h1>
<h2>Project:</h2>
C:\Users\dell\Desktop\ooo\DX-Ball-Tiva-C - Copy (3)\Game\SpaceInvaders.uvproj
Project File Date:  05/20/2022

<h2>Output:</h2>
Rebuild target 'SpaceInvaders'
assembling startup.s...
compiling Nokia5110.c...
assembling random.s...
compiling SpaceInvaders.c...
compiling TExaS.c...
compiling PORTF.c...
compiling TIMER2.c...
compiling shapes.c...
compiling screen_draw.c...
compiling checkMoving.c...
linking...
Program Size: Code=6520 RO-data=2172 RW-data=112 ZI-data=2352  
".\SpaceInvaders.axf" - 0 Error(s), 0 Warning(s).
Clean started: Project: 'SpaceInvaders'
   deleting intermediate output files for target 'SpaceInvaders'
</pre>
</body>
</html>
